Microchip MPLAB XC8 Compiler V2.46

Linker command line:

-W-3 \
  --edf=C:\Program Files\Microchip\xc8\v2.46\pic\dat\20240104201356_en.msgs \
  -cn -h+dist/default/debug\final.X.debug.sym \
  --cmf=dist/default/debug\final.X.debug.cmf -z -Q18F4550 \
  -oC:\Users\USER\AppData\Local\Temp\xcAs9sk.\driver_tmp_3.o \
  --defsym=__MPLAB_BUILD=1 --fixupoverflow=error \
  -Mdist/default/debug/final.X.debug.map \
  --md=C:\Users\USER\AppData\Local\Temp\xcAs9sk.\driver_tmp_0.dat -E1 \
  -ver=XC8 Compiler --acfsm=1493 -ACODE=00h-07FFFh -ACONST=00h-07FFFh \
  -ASMALLCONST=0800h-08FFhx120 -AMEDIUMCONST=0800h-07FFFh -ACOMRAM=01h-05Fh \
  -AABS1=00h-07FFh -ABIGRAM=01h-07FFh -ARAM=060h-0FFh,0100h-01FFhx7 \
  -ABANK0=060h-0FFh -ABANK1=0100h-01FFh -ABANK2=0200h-02FFh \
  -ABANK3=0300h-03FFh -ABANK4=0400h-04FFh -ABANK5=0500h-05FFh \
  -ABANK6=0600h-06FFh -ABANK7=0700h-07FFh -ASFR=0F60h-0FFFh \
  -ABIGSFR=0F60h-0FFFh -ACONFIG=0300000h-030000Dh -AIDLOC=0200000h-0200007h \
  -AEEDATA=0F00000h-0F000FFh -peeprom_data=EEDATA \
  -preset_vec=00h,intcode,sivt_hi,intcodelo,sivt_lo,powerup,init \
  -pramtop=0800h -psmallconst=SMALLCONST -pmediumconst=MEDIUMCONST \
  -pconst=CONST -AFARRAM=00h-00h \
  -prdata=COMRAM,nvrram=COMRAM,nvbit=COMRAM,rbss=COMRAM,rbit=COMRAM \
  -pfarbss=FARRAM,fardata=FARRAM,nvFARRAM=FARRAM \
  -pintsave_regs=BIGRAM,bigbss=BIGRAM,bigdata=BIGRAM -pbss=RAM \
  -pidata=CODE,irdata=CODE,ibigdata=CODE,ifardata=CODE -prparam=COMRAM \
  C:\Users\USER\AppData\Local\Temp\xcAs9sk.\driver_tmp_9.o \
  dist/default/debug\final.X.debug.o 

Object code version is 3.11

Machine type is 18F4550



                Name                               Link     Load   Length Selector   Space Scale
C:\Users\USER\AppData\Local\Temp\xcAs9sk.\driver_tmp_9.o
                idloc                            200000   200000        8        0       5
                config                           300000   300000        E        0       4
                init                                  0        0        4        0       0
dist/default/debug\final.X.debug.o
                idloc                            200000   200000        8        0       5
                config                           300000   300000        E        0       4
                smallconst                          800      800       68      400       0
                text9                              1108     1108       26      434       0
                text8                              112E     112E       1C      434       0
                text7                              1038     1038       4A      434       0
                text6                              114A     114A       16      434       0
                text5                              10E2     10E2       26      434       0
                text4                              10BC     10BC       26      434       0
                text3                               F60      F60       74      434       0
                text2                               FD4      FD4       64      434       0
                text1                               EC6      EC6       9A      434       0
                text0                               868      868      65E      434       0
                cstackCOMRAM                          1        1       30        1       1
                dataCOMRAM                           31       31        A        1       1
                bssCOMRAM                            3B       3B        8        1       1
                cinit                              1082     1082       3A      434       0
                idataCOMRAM                        1160     1160        A      434       0

TOTAL           Name                               Link     Load   Length     Space
        CLASS   CODE           
                init                                  0        0        4         0
                text9                              1108     1108       26         0
                text8                              112E     112E       1C         0
                text7                              1038     1038       4A         0
                text6                              114A     114A       16         0
                text5                              10E2     10E2       26         0
                text4                              10BC     10BC       26         0
                text3                               F60      F60       74         0
                text2                               FD4      FD4       64         0
                text1                               EC6      EC6       9A         0
                text0                               868      868      65E         0
                cinit                              1082     1082       3A         0
                idataCOMRAM                        1160     1160        A         0

        CLASS   CONST          

        CLASS   SMALLCONST     
                smallconst                          800      800       68         0

        CLASS   MEDIUMCONST    

        CLASS   COMRAM         
                cstackCOMRAM                          1        1       30         1
                dataCOMRAM                           31       31        A         1
                bssCOMRAM                            3B       3B        8         1

        CLASS   ABS1           

        CLASS   BIGRAM         

        CLASS   RAM            

        CLASS   BANK0          

        CLASS   BANK1          

        CLASS   BANK2          

        CLASS   BANK3          

        CLASS   BANK4          

        CLASS   BANK5          

        CLASS   BANK6          

        CLASS   BANK7          

        CLASS   SFR            

        CLASS   BIGSFR         

        CLASS   CONFIG         
                config                           300000   300000        E         4

        CLASS   IDLOC          
                idloc                            200000   200000        8         5

        CLASS   EEDATA         

        CLASS   FARRAM         

        CLASS   HEAP           

        CLASS   STACK          



SEGMENTS        Name                           Load    Length   Top    Selector   Space  Class

                reset_vec                      000000  000004  000004         0       0  CODE    
                cstackCOMRAM                   000001  000042  000043         1       1  COMRAM  
                smallconst                     000800  000068  000868       400       0  SMALLCON
                text0                          000868  000902  00116A       434       0  CODE    


UNUSED ADDRESS RANGES

        Name                Unused          Largest block    Delta
        BANK0            000060-0000FF               A0
        BANK1            000100-0001FF              100
        BANK2            000200-0002FF              100
        BANK3            000300-0003FF              100
        BANK4            000400-0004FF              100
        BANK5            000500-0005FF              100
        BANK6            000600-0006FF              100
        BANK7            000700-0007FF              100
        BIGRAM           000043-0007FF              7BD
        BIGSFR           000F60-000FFF               A0
        CODE             000004-0007FF              7FC
                         00116A-007FFF             6E96
        COMRAM           000043-00005F               1D
        CONST            000004-0007FF              7FC
                         00116A-007FFF             6E96
        EEDATA           F00000-F000FF              100
        MEDIUMCONST      00116A-007FFF             6E96
        RAM              000060-0007FF              100
        SFR              000F60-000FFF               A0
        SMALLCONST       00116A-007FFF              100

                                  Symbol Table

?___lwdiv                        cstackCOMRAM 000006
?___lwmod                        cstackCOMRAM 000001
?___wmul                         cstackCOMRAM 000001
SER_ESCRIBE_CADENA@cadena        cstackCOMRAM 000001
SER_ESCRIBE_CADENA@tam           cstackCOMRAM 000002
SER_ESCRIBE_CADENA@x             cstackCOMRAM 000006
SER_ESCRIBE_CARACTER@caracter    cstackCOMRAM 000001
_ADCON1bits                      (abs)        000FC1
_BAUDCONbits                     (abs)        000FB8
_Configuracion_Registros         text9        001108
_EUSART_config                   text8        00112E
_LATB                            (abs)        000F8A
_LATBbits                        (abs)        000F8A
_LATD                            (abs)        000F8C
_LATDbits                        (abs)        000F8C
_LATEbits                        (abs)        000F8D
_PIR1bits                        (abs)        000F9E
_PORTAbits                       (abs)        000F80
_RCREG                           (abs)        000FAE
_RCSTAbits                       (abs)        000FAB
_SER_ESCRIBE_CADENA              text7        001038
_SER_ESCRIBE_CARACTER            text6        00114A
_SER_READ                        text5        0010E2
_SPBRG                           (abs)        000FAF
_SPBRGH                          (abs)        000FB0
_TRISAbits                       (abs)        000F92
_TRISB                           (abs)        000F93
_TRISCbits                       (abs)        000F94
_TRISD                           (abs)        000F95
_TRISEbits                       (abs)        000F96
_TXREG                           (abs)        000FAD
_TXSTAbits                       (abs)        000FAC
__HRAM                           (abs)        000000
__H__absolute__                  __absolute__ 000000
__Habs1                          abs1         000000
__Hbank0                         bank0        000000
__Hbank1                         bank1        000000
__Hbank2                         bank2        000000
__Hbank3                         bank3        000000
__Hbank4                         bank4        000000
__Hbank5                         bank5        000000
__Hbank6                         bank6        000000
__Hbank7                         bank7        000000
__Hbigbss                        bigbss       000000
__Hbigdata                       bigdata      000000
__Hbigram                        bigram       000000
__Hbigsfr                        bigsfr       000000
__Hbss                           bss          000000
__HbssCOMRAM                     bssCOMRAM    000000
__Hcinit                         cinit        000000
__Hclrtext                       clrtext      000000
__Hcomram                        comram       000000
__Hconfig                        config       30000E
__Hconst                         const        000000
__HcstackCOMRAM                  cstackCOMRAM 000000
__Hdata                          data         000000
__HdataCOMRAM                    dataCOMRAM   000000
__Heeprom_data                   eeprom_data  000000
__Hfarbss                        farbss       000000
__Hfardata                       fardata      000000
__Hheap                          heap         000000
__Hibigdata                      ibigdata     000000
__Hidata                         idata        000000
__HidataCOMRAM                   idataCOMRAM  000000
__Hidloc                         idloc        200008
__Hifardata                      ifardata     000000
__Hinit                          init         000004
__Hintcode                       intcode      000000
__Hintcode_body                  intcode_body 000000
__Hintcodelo                     intcodelo    000000
__Hintentry                      intentry     000000
__Hintret                        intret       000000
__Hintsave_regs                  intsave_regs 000000
__Hirdata                        irdata       000000
__Hmediumconst                   mediumconst  000000
__HnvFARRAM                      nvFARRAM     000000
__Hnvbit                         nvbit        000000
__Hnvrram                        nvrram       000000
__Hparam                         rparam       000000
__Hpowerup                       powerup      000000
__Hram                           ram          000000
__Hramtop                        ramtop       000800
__Hrbit                          rbit         000000
__Hrbss                          rbss         000000
__Hrdata                         rdata        000000
__Hreset_vec                     reset_vec    000000
__Hrparam                        rparam       000000
__Hsfr                           sfr          000000
__Hsivt_hi                       sivt_hi      000000
__Hsivt_lo                       sivt_lo      000000
__Hsmallconst                    smallconst   000868
__Hspace_0                       (abs)        00116A
__Hspace_1                       (abs)        000043
__Hspace_2                       (abs)        000000
__Hspace_4                       (abs)        60000E
__Hstack                         stack        000000
__Hstruct                        struct       000000
__Htemp                          temp         000000
__Htext                          text         000000
__Htext0                         text0        000000
__Htext1                         text1        000000
__Htext2                         text2        000000
__Htext3                         text3        000000
__Htext4                         text4        000000
__Htext5                         text5        000000
__Htext6                         text6        000000
__Htext7                         text7        000000
__Htext8                         text8        000000
__Htext9                         text9        000000
__LRAM                           (abs)        000001
__L__absolute__                  __absolute__ 000000
__Labs1                          abs1         000000
__Lbank0                         bank0        000000
__Lbank1                         bank1        000000
__Lbank2                         bank2        000000
__Lbank3                         bank3        000000
__Lbank4                         bank4        000000
__Lbank5                         bank5        000000
__Lbank6                         bank6        000000
__Lbank7                         bank7        000000
__Lbigbss                        bigbss       000000
__Lbigdata                       bigdata      000000
__Lbigram                        bigram       000000
__Lbigsfr                        bigsfr       000000
__Lbss                           bss          000000
__LbssCOMRAM                     bssCOMRAM    000000
__Lcinit                         cinit        000000
__Lclrtext                       clrtext      000000
__Lcomram                        comram       000000
__Lconfig                        config       000000
__Lconst                         const        000000
__LcstackCOMRAM                  cstackCOMRAM 000000
__Ldata                          data         000000
__LdataCOMRAM                    dataCOMRAM   000000
__Leeprom_data                   eeprom_data  000000
__Lfarbss                        farbss       000000
__Lfardata                       fardata      000000
__Lheap                          heap         000000
__Libigdata                      ibigdata     000000
__Lidata                         idata        000000
__LidataCOMRAM                   idataCOMRAM  000000
__Lidloc                         idloc        000000
__Lifardata                      ifardata     000000
__Linit                          init         000000
__Lintcode                       intcode      000000
__Lintcode_body                  intcode_body 000000
__Lintcodelo                     intcodelo    000000
__Lintentry                      intentry     000000
__Lintret                        intret       000000
__Lintsave_regs                  intsave_regs 000000
__Lirdata                        irdata       000000
__Lmediumconst                   mediumconst  000000
__LnvFARRAM                      nvFARRAM     000000
__Lnvbit                         nvbit        000000
__Lnvrram                        nvrram       000000
__Lparam                         rparam       000000
__Lpowerup                       powerup      000000
__Lram                           ram          000000
__Lramtop                        ramtop       000800
__Lrbit                          rbit         000000
__Lrbss                          rbss         000000
__Lrdata                         rdata        000000
__Lreset_vec                     reset_vec    000000
__Lrparam                        rparam       000000
__Lsfr                           sfr          000000
__Lsivt_hi                       sivt_hi      000000
__Lsivt_lo                       sivt_lo      000000
__Lsmallconst                    smallconst   000800
__Lspace_0                       (abs)        000000
__Lspace_1                       (abs)        000000
__Lspace_2                       (abs)        000000
__Lspace_4                       (abs)        000000
__Lstack                         stack        000000
__Lstruct                        struct       000000
__Ltemp                          temp         000000
__Ltext                          text         000000
__Ltext0                         text0        000000
__Ltext1                         text1        000000
__Ltext2                         text2        000000
__Ltext3                         text3        000000
__Ltext4                         text4        000000
__Ltext5                         text5        000000
__Ltext6                         text6        000000
__Ltext7                         text7        000000
__Ltext8                         text8        000000
__Ltext9                         text9        000000
__S0                             (abs)        00116A
__S1                             (abs)        000043
__S4                             (abs)        000000
__S5                             (abs)        000000
___heap_hi                       (abs)        000000
___heap_lo                       (abs)        000000
___inthi_sp                      stack        000000
___inthi_stack_hi                stack        000000
___inthi_stack_lo                stack        000000
___intlo_sp                      stack        000000
___intlo_stack_hi                stack        000000
___intlo_stack_lo                stack        000000
___lwdiv                         text3        000F60
___lwdiv@counter                 cstackCOMRAM 00000C
___lwdiv@dividend                cstackCOMRAM 000006
___lwdiv@divisor                 cstackCOMRAM 000008
___lwdiv@quotient                cstackCOMRAM 00000A
___lwmod                         text2        000FD4
___lwmod@counter                 cstackCOMRAM 000005
___lwmod@dividend                cstackCOMRAM 000001
___lwmod@divisor                 cstackCOMRAM 000003
___param_bank                    (abs)        000000
___rparam_used                   (abs)        000001
___sp                            stack        000000
___stack_hi                      stack        000000
___stack_lo                      stack        000000
___wmul                          text4        0010BC
___wmul@multiplicand             cstackCOMRAM 000003
___wmul@multiplier               cstackCOMRAM 000001
___wmul@product                  cstackCOMRAM 000005
__accesstop                      (abs)        000060
__activetblptr                   (abs)        000001
__end_of_Configuracion_Registros text9        00112E
__end_of_EUSART_config           text8        00114A
__end_of_SER_ESCRIBE_CADENA      text7        001082
__end_of_SER_ESCRIBE_CARACTER    text6        001160
__end_of_SER_READ                text5        001108
__end_of___lwdiv                 text3        000FD4
__end_of___lwmod                 text2        001038
__end_of___wmul                  text4        0010E2
__end_of__initialization         cinit        0010AE
__end_of_convierte               text1        000F60
__end_of_main                    text0        000EC6
__initialization                 cinit        001082
__mediumconst                    mediumconst  000000
__pbssCOMRAM                     bssCOMRAM    00003B
__pcinit                         cinit        001082
__pcstackCOMRAM                  cstackCOMRAM 000001
__pdataCOMRAM                    dataCOMRAM   000031
__pidataCOMRAM                   idataCOMRAM  001160
__psmallconst                    smallconst   000800
__ptext0                         text0        000868
__ptext1                         text1        000EC6
__ptext2                         text2        000FD4
__ptext3                         text3        000F60
__ptext4                         text4        0010BC
__ptext5                         text5        0010E2
__ptext6                         text6        00114A
__ptext7                         text7        001038
__ptext8                         text8        00112E
__ptext9                         text9        001108
__ramtop                         ramtop       000800
__smallconst                     smallconst   000800
_centena                         bssCOMRAM    00003F
_convierte                       text1        000EC6
_decena                          bssCOMRAM    00003D
_display                         dataCOMRAM   000031
_main                            text0        000868
_millar                          bssCOMRAM    000041
_unidad                          bssCOMRAM    00003B
convierte@numero                 cstackCOMRAM 00000D
end_of_initialization            cinit        0010AE
intlevel0                        text         000000
intlevel1                        text         000000
intlevel2                        text         000000
intlevel3                        text         000000
isa$std                          (abs)        000001
isa$xinst                        (abs)        000000
main@aforo                       cstackCOMRAM 00002D
main@cifras                      cstackCOMRAM 00002F
main@i                           cstackCOMRAM 00002B
main@recepcion                   cstackCOMRAM 000013
main@recibido                    cstackCOMRAM 000029
main@state                       cstackCOMRAM 000027
stackhi                          (abs)        000000
stacklo                          (abs)        000000
start                            init         000000
start_initialization             cinit        001082


MODULE INFORMATION

Module		Function		Class		Link	Load	Size
C:\Program Files\Microchip\xc8\v2.46\pic\sources\c99\common\lwdiv.c
		___lwdiv       		CODE           	0F60	0000	116

C:\Program Files\Microchip\xc8\v2.46\pic\sources\c99\common\lwdiv.c estimated size: 116

eusart.c
		_EUSART_config 		CODE           	112E	0000	28
		_SER_ESCRIBE_CADENA		CODE           	1038	0000	74
		_SER_READ      		CODE           	10E2	0000	38
		_SER_ESCRIBE_CARACTER		CODE           	114A	0000	22

eusart.c estimated size: 162

shared
		__initialization		CODE           	1082	0000	44

shared estimated size: 44

C:\Program Files\Microchip\xc8\v2.46\pic\sources\c99\common\Umul16.c
		___wmul        		CODE           	10BC	0000	38

C:\Program Files\Microchip\xc8\v2.46\pic\sources\c99\common\Umul16.c estimated size: 38

C:\Program Files\Microchip\xc8\v2.46\pic\sources\c99\common\lwmod.c
		___lwmod       		CODE           	0FD4	0000	100

C:\Program Files\Microchip\xc8\v2.46\pic\sources\c99\common\lwmod.c estimated size: 100

main.c
		_main          		CODE           	0868	0000	1630
		_convierte     		CODE           	0EC6	0000	154
		_Configuracion_Registros		CODE           	1108	0000	38

main.c estimated size: 1822

