Microchip MPLAB XC8 Compiler V2.46

Linker command line:

-W-3 \
  --edf=C:\Program Files\Microchip\xc8\v2.46\pic\dat\20240104201356_en.msgs \
  -cn -h+dist/default/production\LAB4.X.production.sym \
  --cmf=dist/default/production\LAB4.X.production.cmf -z -Q18F4550 \
  -oC:\Users\USER\AppData\Local\Temp\xcAsglg.\driver_tmp_3.o \
  --defsym=__MPLAB_BUILD=1 --fixupoverflow=error \
  -Mdist/default/production/LAB4.X.production.map \
  --md=C:\Users\USER\AppData\Local\Temp\xcAsglg.\driver_tmp_0.dat -E1 \
  -ver=XC8 Compiler --acfsm=1493 -ACODE=00h-07FFFh -ACONST=00h-07FFFh \
  -ASMALLCONST=0800h-08FFhx120 -AMEDIUMCONST=0800h-07FFFh -ACOMRAM=01h-05Fh \
  -AABS1=00h-07FFh -ABIGRAM=01h-07FFh -ARAM=060h-0FFh,0100h-01FFhx7 \
  -ABANK0=060h-0FFh -ABANK1=0100h-01FFh -ABANK2=0200h-02FFh \
  -ABANK3=0300h-03FFh -ABANK4=0400h-04FFh -ABANK5=0500h-05FFh \
  -ABANK6=0600h-06FFh -ABANK7=0700h-07FFh -ASFR=0F60h-0FFFh \
  -ABIGSFR=0F60h-0FFFh -ACONFIG=0300000h-030000Dh -AIDLOC=0200000h-0200007h \
  -AEEDATA=0F00000h-0F000FFh -peeprom_data=EEDATA \
  -preset_vec=00h,intcode,sivt_hi,intcodelo,sivt_lo,powerup,init \
  -pramtop=0800h -psmallconst=SMALLCONST -pmediumconst=MEDIUMCONST \
  -pconst=CONST -AFARRAM=00h-00h \
  -prdata=COMRAM,nvrram=COMRAM,nvbit=COMRAM,rbss=COMRAM,rbit=COMRAM \
  -pfarbss=FARRAM,fardata=FARRAM,nvFARRAM=FARRAM \
  -pintsave_regs=BIGRAM,bigbss=BIGRAM,bigdata=BIGRAM -pbss=RAM \
  -pidata=CODE,irdata=CODE,ibigdata=CODE,ifardata=CODE -prparam=COMRAM \
  C:\Users\USER\AppData\Local\Temp\xcAsglg.\driver_tmp_9.o \
  dist/default/production\LAB4.X.production.o 

Object code version is 3.11

Machine type is 18F4550



                Name                               Link     Load   Length Selector   Space Scale
C:\Users\USER\AppData\Local\Temp\xcAsglg.\driver_tmp_9.o
                idloc                            200000   200000        8        0       5
                config                           300000   300000        E        0       4
                init                                  0        0        4        0       0
dist/default/production\LAB4.X.production.o
                idloc                            200000   200000        8        0       5
                config                           300000   300000        E        0       4
                smallconst                          800      800        A      400       0
                text14                              E50      E50       2C      405       0
                text13                              EB8      EB8       16      405       0
                text12                              ECE      ECE       14      405       0
                text11                              CDC      CDC       74      405       0
                text10                              E7C      E7C       26      405       0
                text9                               E0E      E0E       42      405       0
                text8                               EE2      EE2        6      405       0
                text7                               A1A      A1A       EA      405       0
                text6                               C54      C54       88      405       0
                text5                               B04      B04       AC      405       0
                text4                               930      930       EA      405       0
                text3                               DBA      DBA       54      405       0
                text2                               BB0      BB0       A4      405       0
                text1                               D50      D50       6A      405       0
                text0                               80A      80A      126      405       0
                cstackCOMRAM                          1        1       1F        1       1
                bssCOMRAM                            20       20        8        1       1
                cinit                               EA2      EA2       16      405       0

TOTAL           Name                               Link     Load   Length     Space
        CLASS   CODE           
                init                                  0        0        4         0
                text14                              E50      E50       2C         0
                text13                              EB8      EB8       16         0
                text12                              ECE      ECE       14         0
                text11                              CDC      CDC       74         0
                text10                              E7C      E7C       26         0
                text9                               E0E      E0E       42         0
                text8                               EE2      EE2        6         0
                text7                               A1A      A1A       EA         0
                text6                               C54      C54       88         0
                text5                               B04      B04       AC         0
                text4                               930      930       EA         0
                text3                               DBA      DBA       54         0
                text2                               BB0      BB0       A4         0
                text1                               D50      D50       6A         0
                text0                               80A      80A      126         0
                cinit                               EA2      EA2       16         0

        CLASS   CONST          

        CLASS   SMALLCONST     
                smallconst                          800      800        A         0

        CLASS   MEDIUMCONST    

        CLASS   COMRAM         
                cstackCOMRAM                          1        1       1F         1
                bssCOMRAM                            20       20        8         1

        CLASS   ABS1           

        CLASS   BIGRAM         

        CLASS   RAM            

        CLASS   BANK0          

        CLASS   BANK1          

        CLASS   BANK2          

        CLASS   BANK3          

        CLASS   BANK4          

        CLASS   BANK5          

        CLASS   BANK6          

        CLASS   BANK7          

        CLASS   SFR            

        CLASS   BIGSFR         

        CLASS   CONFIG         
                config                           300000   300000        E         4

        CLASS   IDLOC          
                idloc                            200000   200000        8         5

        CLASS   EEDATA         

        CLASS   FARRAM         

        CLASS   HEAP           

        CLASS   STACK          



SEGMENTS        Name                           Load    Length   Top    Selector   Space  Class

                reset_vec                      000000  000004  000004         0       0  CODE    
                cstackCOMRAM                   000001  000027  000028         1       1  COMRAM  
                smallconst                     000800  00000A  00080A       400       0  SMALLCON
                text0                          00080A  0006DE  000EE8       405       0  CODE    


UNUSED ADDRESS RANGES

        Name                Unused          Largest block    Delta
        BANK0            000060-0000FF               A0
        BANK1            000100-0001FF              100
        BANK2            000200-0002FF              100
        BANK3            000300-0003FF              100
        BANK4            000400-0004FF              100
        BANK5            000500-0005FF              100
        BANK6            000600-0006FF              100
        BANK7            000700-0007FF              100
        BIGRAM           000028-0007FF              7D8
        BIGSFR           000F60-000FFF               A0
        CODE             000004-0007FF              7FC
                         000EE8-007FFF             7118
        COMRAM           000028-00005F               38
        CONST            000004-0007FF              7FC
                         000EE8-007FFF             7118
        EEDATA           F00000-F000FF              100
        MEDIUMCONST      000EE8-007FFF             7118
        RAM              000060-0007FF              100
        SFR              000F60-000FFF               A0
        SMALLCONST       000EE8-007FFF              100

                                  Symbol Table

?___lldiv                       cstackCOMRAM 00000D
?___lmul                        cstackCOMRAM 000001
?___lwdiv                       cstackCOMRAM 000007
?___wmul                        cstackCOMRAM 000001
Extraer_Digitos_Entero@num      cstackCOMRAM 00000E
LCD_Goto_XY@col                 cstackCOMRAM 000011
LCD_Goto_XY@comando             cstackCOMRAM 000010
LCD_Goto_XY@offset              cstackCOMRAM 000012
LCD_Goto_XY@pos_x               cstackCOMRAM 000013
LCD_Goto_XY@pos_y               cstackCOMRAM 00000F
LCD_Init_4_Bits@conta           cstackCOMRAM 000010
LCD_Put_Char@byte               cstackCOMRAM 00000E
LCD_Put_Char@d0                 cstackCOMRAM 00000D
LCD_Put_Char@d1                 cstackCOMRAM 00000C
LCD_Put_Char@d2                 cstackCOMRAM 00000B
LCD_Put_Char@d3                 cstackCOMRAM 00000A
LCD_Put_Char@d4                 cstackCOMRAM 000009
LCD_Put_Char@d5                 cstackCOMRAM 000008
LCD_Put_Char@d6                 cstackCOMRAM 000007
LCD_Put_Char@d7                 cstackCOMRAM 000006
LCD_Put_String@indice           cstackCOMRAM 000011
LCD_Put_String@str              cstackCOMRAM 00000F
LCD_Tx_Command@command          cstackCOMRAM 00000E
LCD_Tx_Command@d0               cstackCOMRAM 00000D
LCD_Tx_Command@d1               cstackCOMRAM 00000C
LCD_Tx_Command@d2               cstackCOMRAM 00000B
LCD_Tx_Command@d3               cstackCOMRAM 00000A
LCD_Tx_Command@d4               cstackCOMRAM 000009
LCD_Tx_Command@d5               cstackCOMRAM 000008
LCD_Tx_Command@d6               cstackCOMRAM 000007
LCD_Tx_Command@d7               cstackCOMRAM 000006
_ADCON0bits                     (abs)        000FC2
_ADCON1bits                     (abs)        000FC1
_ADCON2bits                     (abs)        000FC0
_ADC_init                       text14       000E50
_ADRESH                         (abs)        000FC4
_ADRESL                         (abs)        000FC3
_CCP2CONbits                    (abs)        000FBA
_CCPR2L                         (abs)        000FBB
_CPP_Init                       text12       000ECE
_Extraer_Digitos_Entero         text9        000E0E
_INTCONbits                     (abs)        000FF2
_ISR_Init                       text8        000EE2
_LATD                           (abs)        000F8C
_LCD_Goto_XY                    text6        000C54
_LCD_Init_4_Bits                text5        000B04
_LCD_Put_Char                   text4        000930
_LCD_Put_String                 text3        000DBA
_LCD_Tx_Command                 text7        000A1A
_PR2                            (abs)        000FCB
_T2CONbits                      (abs)        000FCA
_TRISCbits                      (abs)        000F94
_TRISD                          (abs)        000F95
_Timer2_init                    text13       000EB8
__HRAM                          (abs)        000000
__H__absolute__                 __absolute__ 000000
__Habs1                         abs1         000000
__Hbank0                        bank0        000000
__Hbank1                        bank1        000000
__Hbank2                        bank2        000000
__Hbank3                        bank3        000000
__Hbank4                        bank4        000000
__Hbank5                        bank5        000000
__Hbank6                        bank6        000000
__Hbank7                        bank7        000000
__Hbigbss                       bigbss       000000
__Hbigdata                      bigdata      000000
__Hbigram                       bigram       000000
__Hbigsfr                       bigsfr       000000
__Hbss                          bss          000000
__HbssCOMRAM                    bssCOMRAM    000000
__Hcinit                        cinit        000000
__Hclrtext                      clrtext      000000
__Hcomram                       comram       000000
__Hconfig                       config       30000E
__Hconst                        const        000000
__HcstackCOMRAM                 cstackCOMRAM 000000
__Hdata                         data         000000
__Heeprom_data                  eeprom_data  000000
__Hfarbss                       farbss       000000
__Hfardata                      fardata      000000
__Hheap                         heap         000000
__Hibigdata                     ibigdata     000000
__Hidata                        idata        000000
__Hidloc                        idloc        200008
__Hifardata                     ifardata     000000
__Hinit                         init         000004
__Hintcode                      intcode      000000
__Hintcode_body                 intcode_body 000000
__Hintcodelo                    intcodelo    000000
__Hintentry                     intentry     000000
__Hintret                       intret       000000
__Hintsave_regs                 intsave_regs 000000
__Hirdata                       irdata       000000
__Hmediumconst                  mediumconst  000000
__HnvFARRAM                     nvFARRAM     000000
__Hnvbit                        nvbit        000000
__Hnvrram                       nvrram       000000
__Hparam                        rparam       000000
__Hpowerup                      powerup      000000
__Hram                          ram          000000
__Hramtop                       ramtop       000800
__Hrbit                         rbit         000000
__Hrbss                         rbss         000000
__Hrdata                        rdata        000000
__Hreset_vec                    reset_vec    000000
__Hrparam                       rparam       000000
__Hsfr                          sfr          000000
__Hsivt_hi                      sivt_hi      000000
__Hsivt_lo                      sivt_lo      000000
__Hsmallconst                   smallconst   00080A
__Hspace_0                      (abs)        000EE8
__Hspace_1                      (abs)        000028
__Hspace_2                      (abs)        000000
__Hspace_4                      (abs)        60000E
__Hstack                        stack        000000
__Hstruct                       struct       000000
__Htemp                         temp         000000
__Htext                         text         000000
__Htext0                        text0        000000
__Htext1                        text1        000000
__Htext10                       text10       000000
__Htext11                       text11       000000
__Htext12                       text12       000000
__Htext13                       text13       000000
__Htext14                       text14       000000
__Htext2                        text2        000000
__Htext3                        text3        000000
__Htext4                        text4        000000
__Htext5                        text5        000000
__Htext6                        text6        000000
__Htext7                        text7        000000
__Htext8                        text8        000000
__Htext9                        text9        000000
__LRAM                          (abs)        000001
__L__absolute__                 __absolute__ 000000
__Labs1                         abs1         000000
__Lbank0                        bank0        000000
__Lbank1                        bank1        000000
__Lbank2                        bank2        000000
__Lbank3                        bank3        000000
__Lbank4                        bank4        000000
__Lbank5                        bank5        000000
__Lbank6                        bank6        000000
__Lbank7                        bank7        000000
__Lbigbss                       bigbss       000000
__Lbigdata                      bigdata      000000
__Lbigram                       bigram       000000
__Lbigsfr                       bigsfr       000000
__Lbss                          bss          000000
__LbssCOMRAM                    bssCOMRAM    000000
__Lcinit                        cinit        000000
__Lclrtext                      clrtext      000000
__Lcomram                       comram       000000
__Lconfig                       config       000000
__Lconst                        const        000000
__LcstackCOMRAM                 cstackCOMRAM 000000
__Ldata                         data         000000
__Leeprom_data                  eeprom_data  000000
__Lfarbss                       farbss       000000
__Lfardata                      fardata      000000
__Lheap                         heap         000000
__Libigdata                     ibigdata     000000
__Lidata                        idata        000000
__Lidloc                        idloc        000000
__Lifardata                     ifardata     000000
__Linit                         init         000000
__Lintcode                      intcode      000000
__Lintcode_body                 intcode_body 000000
__Lintcodelo                    intcodelo    000000
__Lintentry                     intentry     000000
__Lintret                       intret       000000
__Lintsave_regs                 intsave_regs 000000
__Lirdata                       irdata       000000
__Lmediumconst                  mediumconst  000000
__LnvFARRAM                     nvFARRAM     000000
__Lnvbit                        nvbit        000000
__Lnvrram                       nvrram       000000
__Lparam                        rparam       000000
__Lpowerup                      powerup      000000
__Lram                          ram          000000
__Lramtop                       ramtop       000800
__Lrbit                         rbit         000000
__Lrbss                         rbss         000000
__Lrdata                        rdata        000000
__Lreset_vec                    reset_vec    000000
__Lrparam                       rparam       000000
__Lsfr                          sfr          000000
__Lsivt_hi                      sivt_hi      000000
__Lsivt_lo                      sivt_lo      000000
__Lsmallconst                   smallconst   000800
__Lspace_0                      (abs)        000000
__Lspace_1                      (abs)        000000
__Lspace_2                      (abs)        000000
__Lspace_4                      (abs)        000000
__Lstack                        stack        000000
__Lstruct                       struct       000000
__Ltemp                         temp         000000
__Ltext                         text         000000
__Ltext0                        text0        000000
__Ltext1                        text1        000000
__Ltext10                       text10       000000
__Ltext11                       text11       000000
__Ltext12                       text12       000000
__Ltext13                       text13       000000
__Ltext14                       text14       000000
__Ltext2                        text2        000000
__Ltext3                        text3        000000
__Ltext4                        text4        000000
__Ltext5                        text5        000000
__Ltext6                        text6        000000
__Ltext7                        text7        000000
__Ltext8                        text8        000000
__Ltext9                        text9        000000
__S0                            (abs)        000EE8
__S1                            (abs)        000028
__S4                            (abs)        000000
__S5                            (abs)        000000
___heap_hi                      (abs)        000000
___heap_lo                      (abs)        000000
___inthi_sp                     stack        000000
___inthi_stack_hi               stack        000000
___inthi_stack_lo               stack        000000
___intlo_sp                     stack        000000
___intlo_stack_hi               stack        000000
___intlo_stack_lo               stack        000000
___lldiv                        text2        000BB0
___lldiv@counter                cstackCOMRAM 000019
___lldiv@dividend               cstackCOMRAM 00000D
___lldiv@divisor                cstackCOMRAM 000011
___lldiv@quotient               cstackCOMRAM 000015
___lmul                         text1        000D50
___lmul@multiplicand            cstackCOMRAM 000005
___lmul@multiplier              cstackCOMRAM 000001
___lmul@product                 cstackCOMRAM 000009
___lwdiv                        text11       000CDC
___lwdiv@counter                cstackCOMRAM 00000D
___lwdiv@dividend               cstackCOMRAM 000007
___lwdiv@divisor                cstackCOMRAM 000009
___lwdiv@quotient               cstackCOMRAM 00000B
___param_bank                   (abs)        000000
___rparam_used                  (abs)        000001
___sp                           stack        000000
___stack_hi                     stack        000000
___stack_lo                     stack        000000
___wmul                         text10       000E7C
___wmul@multiplicand            cstackCOMRAM 000003
___wmul@multiplier              cstackCOMRAM 000001
___wmul@product                 cstackCOMRAM 000005
__accesstop                     (abs)        000060
__activetblptr                  (abs)        000002
__end_of_ADC_init               text14       000E7C
__end_of_CPP_Init               text12       000EE2
__end_of_Extraer_Digitos_Entero text9        000E50
__end_of_ISR_Init               text8        000EE8
__end_of_LCD_Goto_XY            text6        000CDC
__end_of_LCD_Init_4_Bits        text5        000BB0
__end_of_LCD_Put_Char           text4        000A1A
__end_of_LCD_Put_String         text3        000E0E
__end_of_LCD_Tx_Command         text7        000B04
__end_of_Timer2_init            text13       000ECE
__end_of___lldiv                text2        000C54
__end_of___lmul                 text1        000DBA
__end_of___lwdiv                text11       000D50
__end_of___wmul                 text10       000EA2
__end_of__initialization        cinit        000EAE
__end_of_main                   text0        000930
__initialization                cinit        000EA2
__mediumconst                   mediumconst  000000
__pbssCOMRAM                    bssCOMRAM    000020
__pcinit                        cinit        000EA2
__pcstackCOMRAM                 cstackCOMRAM 000001
__psmallconst                   smallconst   000800
__ptext0                        text0        00080A
__ptext1                        text1        000D50
__ptext10                       text10       000E7C
__ptext11                       text11       000CDC
__ptext12                       text12       000ECE
__ptext13                       text13       000EB8
__ptext14                       text14       000E50
__ptext2                        text2        000BB0
__ptext3                        text3        000DBA
__ptext4                        text4        000930
__ptext5                        text5        000B04
__ptext6                        text6        000C54
__ptext7                        text7        000A1A
__ptext8                        text8        000EE2
__ptext9                        text9        000E0E
__ramtop                        ramtop       000800
__smallconst                    smallconst   000800
_digdec                         bssCOMRAM    000026
_diguni                         bssCOMRAM    000024
_main                           text0        00080A
_valor_digital                  bssCOMRAM    000020
end_of_initialization           cinit        000EAE
intlevel0                       text         000000
intlevel1                       text         000000
intlevel2                       text         000000
intlevel3                       text         000000
isa$std                         (abs)        000001
isa$xinst                       (abs)        000000
main@ccp_value                  cstackCOMRAM 00001E
main@dc                         cstackCOMRAM 00001C
stackhi                         (abs)        000000
stacklo                         (abs)        000000
start                           init         000000
start_initialization            cinit        000EA2


MODULE INFORMATION

Module		Function		Class		Link	Load	Size
C:\Program Files\Microchip\xc8\v2.46\pic\sources\c99\common\lwdiv.c
		___lwdiv       		CODE           	0CDC	0000	116

C:\Program Files\Microchip\xc8\v2.46\pic\sources\c99\common\lwdiv.c estimated size: 116

shared
		__initialization		CODE           	0EA2	0000	12

shared estimated size: 12

C:\Program Files\Microchip\xc8\v2.46\pic\sources\c99\common\__lldiv.c
		___lldiv       		CODE           	0BB0	0000	164

C:\Program Files\Microchip\xc8\v2.46\pic\sources\c99\common\__lldiv.c estimated size: 164

C:\Program Files\Microchip\xc8\v2.46\pic\sources\c99\common\Umul16.c
		___wmul        		CODE           	0E7C	0000	38

C:\Program Files\Microchip\xc8\v2.46\pic\sources\c99\common\Umul16.c estimated size: 38

lcd.c
		_LCD_Put_Char  		CODE           	0930	0000	234
		_LCD_Put_String		CODE           	0DBA	0000	84
		_LCD_Init_4_Bits		CODE           	0B04	0000	172
		_LCD_Goto_XY   		CODE           	0C54	0000	136
		_LCD_Tx_Command		CODE           	0A1A	0000	234

lcd.c estimated size: 860

main.c
		_main          		CODE           	080A	0000	294
		_ADC_init      		CODE           	0E50	0000	44
		_Extraer_Digitos_Entero		CODE           	0E0E	0000	66
		_CPP_Init      		CODE           	0ECE	0000	20
		_Timer2_init   		CODE           	0EB8	0000	22
		_ISR_Init      		CODE           	0EE2	0000	6

main.c estimated size: 452

C:\Program Files\Microchip\xc8\v2.46\pic\sources\c99\common\Umul32.c
		___lmul        		CODE           	0D50	0000	106

C:\Program Files\Microchip\xc8\v2.46\pic\sources\c99\common\Umul32.c estimated size: 106

